%!Adobe-FontList 1.22
%Locale:0x409

%BeginFont
Handler:DirectoryHandler
FontType:Invalid
OutlineFileName:/Users/deveny/Documents/GitHub/scammingtime/3rdchainAD Folder/Document fonts/AdobeFnt19.lst
FileLength:1394
FileModTime:640865239
%EndFont

%BeginFont
Handler:DirectoryHandler
FontType:Invalid
OutlineFileName:/Users/deveny/Documents/GitHub/scammingtime/3rdchainAD Folder/Document fonts/AdobeFnt22.lst
FileLength:1230
FileModTime:640992246
%EndFont

%BeginFont
Handler:DirectoryHandler
FontType:TrueType
FontName:CurlzMT
FamilyName:Curlz MT
StyleName:Regular
MenuName:Curlz MT
StyleBits:0
WeightClass:400
WidthClass:5
AngleClass:0
FullName:Curlz MT
WritingScript:Roman
OutlineFileName:/Users/deveny/Documents/GitHub/scammingtime/3rdchainAD Folder/Document fonts/Curlz MT
DataFormat:sfntResource
ResourceID:4096
hasSVG:no
VariableFontType:NonVariableFont
FileLength:67344
FileModTime:455094000
NameArray:0,Mac,4,Curlz MT
NameArray:0,Win,1,Curlz MT
%EndFont

%BeginFont
Handler:DirectoryHandler
FontType:TrueType
FontName:Geneva
FamilyName:Geneva
StyleName:Regular
MenuName:Geneva
StyleBits:0
WeightClass:400
WidthClass:5
AngleClass:0
FullName:Geneva
WritingScript:Roman
OutlineFileName:/Users/deveny/Documents/GitHub/scammingtime/3rdchainAD Folder/Document fonts/Geneva.dfont
DataFormat:sfntResource
ResourceID:19492
hasSVG:no
VariableFontType:NonVariableFont
FileLength:754882
FileModTime:560917423
NameArray:0,Mac,4,Geneva
%EndFont

